etc/images/icons/baer.gif
etc/images/icons/baumhirte.gif
etc/images/icons/baustelle.gif
etc/images/icons/elefant.gif
etc/images/icons/ghoul.gif
etc/images/icons/greifenzucht.gif
etc/images/icons/holzfaellerhuette.gif
etc/images/icons/items/eisenschild.gif
etc/images/icons/items/elefant.gif
etc/images/icons/items/elefanten.gif
etc/images/icons/items/gespaltener holzschild.gif
etc/images/icons/items/gold.gif
etc/images/icons/items/greif.gif
etc/images/icons/items/greife.gif
etc/images/icons/items/greifeneier.gif
etc/images/icons/items/greifenei.gif
etc/images/icons/items/greifenfeder.gif
etc/images/icons/items/hoelzer.gif
etc/images/icons/items/kadaver.gif
etc/images/icons/items/kamel.gif
etc/images/icons/items/kamele.gif
etc/images/icons/items/koboldohr.gif
etc/images/icons/items/kraeuteralmanach.gif
etc/images/icons/items/kriegshammer.gif
etc/images/icons/items/lederruestung.gif
etc/images/icons/items/lockerer kriegshammer.gif
etc/images/icons/items/pelz.gif
etc/images/icons/items/reisszahn.gif
etc/images/icons/items/rostige streitaxt.gif
etc/images/icons/items/schlaffer bogen.gif
etc/images/icons/items/schriftrolle.gif
etc/images/icons/items/streitaxt.gif
etc/images/icons/items/stumpfer speer.gif
etc/images/icons/items/totenschaedel.gif
etc/images/icons/items/verbeulter eisenschild.gif
etc/images/icons/items/verbeulte ruestung.gif
etc/images/icons/items/verbogene hellebarde.gif
etc/images/icons/items/wolfsfell.gif
etc/images/icons/items/zauberbuch.gif
etc/images/icons/items/zweihaender.gif
etc/images/icons/juwelierskunst.gif
etc/images/icons/kamel.gif
etc/images/icons/katapultschiessen.gif
etc/images/icons/kobold.gif
etc/images/icons/krake.gif
etc/images/icons/mine.gif
etc/images/icons/sattlerei.gif
etc/images/icons/schiffswerft.gif
etc/images/icons/see.gif
etc/images/icons/see-detail.gif
etc/images/icons/skelett.gif
etc/images/icons/steingrube.gif
etc/images/icons/werkstatt.gif
etc/images/icons/wolf.gif
etc/images/icons/zombie.gif
etc/images/map/see.gif
etc/images/map/see-alpha.gif
etc/rules/lemuria.cr
